<!doctype html public "-//w3c//dtd html 4.0 transitional//en">
<html><head>
<title>Static Call Graph - [.\Objects\whack_a_mole.axf]</title></head>
<body><HR>
<H1>Static Call Graph for image .\Objects\whack_a_mole.axf</H1><HR>
<BR><P>#&#060CALLGRAPH&#062# ARM Linker, 5060750: Last Updated: Tue Feb 23 01:37:33 2021
<BR><P>
<H3>Maximum Stack Usage =          0 bytes + Unknown(Cycles, Untraceable Function Pointers)</H3><H3>
Call chain for Maximum Stack Depth:</H3>

<P>
<H3>
Mutually Recursive functions
</H3> <LI><a href="#[7]">UC2</a>&nbsp;&nbsp;&nbsp;&rArr;&nbsp;&nbsp;&nbsp;<a href="#[7]">UC2</a><BR>
</UL>
<P>
<H3>
Function Pointers
</H3><UL>
 <LI><a href="#[1]">Reset_Handler</a> from whack_a_mole.o(MYCODE) referenced from whack_a_mole.o(RESET)
</UL>
<P>
<H3>
Global Symbols
</H3>
<P><STRONG><a name="[1]"></a>Reset_Handler</STRONG> (Thumb, 8 bytes, Stack size 0 bytes, whack_a_mole.o(MYCODE))
<BR><BR>[Calls]<UL><LI><a href="#[6]">&gt;&gt;</a>&nbsp;&nbsp;&nbsp;MAIN
<LI><a href="#[2]">&gt;&gt;</a>&nbsp;&nbsp;&nbsp;UC1
</UL>
<P>
<H3>
Local Symbols
</H3>
<P><STRONG><a name="[2]"></a>UC1</STRONG> (Thumb, 12 bytes, Stack size 0 bytes, whack_a_mole.o(MYCODE))
<BR><BR>[Calls]<UL><LI><a href="#[5]">&gt;&gt;</a>&nbsp;&nbsp;&nbsp;TURN_OFF_LED
<LI><a href="#[4]">&gt;&gt;</a>&nbsp;&nbsp;&nbsp;GPIO_init
<LI><a href="#[3]">&gt;&gt;</a>&nbsp;&nbsp;&nbsp;GPIO_ClockInit
</UL>
<BR>[Called By]<UL><LI><a href="#[1]">&gt;&gt;</a>&nbsp;&nbsp;&nbsp;Reset_Handler
</UL>

<P><STRONG><a name="[3]"></a>GPIO_ClockInit</STRONG> (Thumb, 10 bytes, Stack size 0 bytes, whack_a_mole.o(MYCODE))
<BR><BR>[Called By]<UL><LI><a href="#[2]">&gt;&gt;</a>&nbsp;&nbsp;&nbsp;UC1
</UL>

<P><STRONG><a name="[4]"></a>GPIO_init</STRONG> (Thumb, 8 bytes, Stack size 0 bytes, whack_a_mole.o(MYCODE))
<BR><BR>[Called By]<UL><LI><a href="#[2]">&gt;&gt;</a>&nbsp;&nbsp;&nbsp;UC1
</UL>

<P><STRONG><a name="[5]"></a>TURN_OFF_LED</STRONG> (Thumb, 8 bytes, Stack size 0 bytes, whack_a_mole.o(MYCODE))
<BR><BR>[Called By]<UL><LI><a href="#[2]">&gt;&gt;</a>&nbsp;&nbsp;&nbsp;UC1
</UL>

<P><STRONG><a name="[6]"></a>MAIN</STRONG> (Thumb, 26 bytes, Stack size 0 bytes, whack_a_mole.o(MYCODE))
<BR><BR>[Calls]<UL><LI><a href="#[e]">&gt;&gt;</a>&nbsp;&nbsp;&nbsp;UC5
<LI><a href="#[d]">&gt;&gt;</a>&nbsp;&nbsp;&nbsp;UC4
<LI><a href="#[8]">&gt;&gt;</a>&nbsp;&nbsp;&nbsp;UC3
<LI><a href="#[7]">&gt;&gt;</a>&nbsp;&nbsp;&nbsp;UC2
</UL>
<BR>[Called By]<UL><LI><a href="#[1]">&gt;&gt;</a>&nbsp;&nbsp;&nbsp;Reset_Handler
</UL>

<P><STRONG><a name="[7]"></a>UC2</STRONG> (Thumb, 52 bytes, Stack size 0 bytes, whack_a_mole.o(MYCODE))
<BR><BR>[Calls]<UL><LI><a href="#[10]">&gt;&gt;</a>&nbsp;&nbsp;&nbsp;DELAY
<LI><a href="#[7]">&gt;&gt;</a>&nbsp;&nbsp;&nbsp;UC2
</UL>
<BR>[Called By]<UL><LI><a href="#[e]">&gt;&gt;</a>&nbsp;&nbsp;&nbsp;UC5
<LI><a href="#[d]">&gt;&gt;</a>&nbsp;&nbsp;&nbsp;UC4
<LI><a href="#[7]">&gt;&gt;</a>&nbsp;&nbsp;&nbsp;UC2
<LI><a href="#[6]">&gt;&gt;</a>&nbsp;&nbsp;&nbsp;MAIN
</UL>

<P><STRONG><a name="[8]"></a>UC3</STRONG> (Thumb, 324 bytes, Stack size 0 bytes, whack_a_mole.o(MYCODE))
<BR><BR>[Calls]<UL><LI><a href="#[11]">&gt;&gt;</a>&nbsp;&nbsp;&nbsp;RANDOM_NUM_GEN
<LI><a href="#[c]">&gt;&gt;</a>&nbsp;&nbsp;&nbsp;REACTTIME_WAIT_4
<LI><a href="#[b]">&gt;&gt;</a>&nbsp;&nbsp;&nbsp;REACTTIME_WAIT_3
<LI><a href="#[a]">&gt;&gt;</a>&nbsp;&nbsp;&nbsp;REACTTIME_WAIT_2
<LI><a href="#[9]">&gt;&gt;</a>&nbsp;&nbsp;&nbsp;REACTTIME_WAIT_1
</UL>
<BR>[Called By]<UL><LI><a href="#[6]">&gt;&gt;</a>&nbsp;&nbsp;&nbsp;MAIN
</UL>

<P><STRONG><a name="[9]"></a>REACTTIME_WAIT_1</STRONG> (Thumb, 42 bytes, Stack size 0 bytes, whack_a_mole.o(MYCODE))
<BR><BR>[Called By]<UL><LI><a href="#[8]">&gt;&gt;</a>&nbsp;&nbsp;&nbsp;UC3
</UL>

<P><STRONG><a name="[a]"></a>REACTTIME_WAIT_2</STRONG> (Thumb, 42 bytes, Stack size 0 bytes, whack_a_mole.o(MYCODE))
<BR><BR>[Called By]<UL><LI><a href="#[8]">&gt;&gt;</a>&nbsp;&nbsp;&nbsp;UC3
</UL>

<P><STRONG><a name="[b]"></a>REACTTIME_WAIT_3</STRONG> (Thumb, 42 bytes, Stack size 0 bytes, whack_a_mole.o(MYCODE))
<BR><BR>[Called By]<UL><LI><a href="#[8]">&gt;&gt;</a>&nbsp;&nbsp;&nbsp;UC3
</UL>

<P><STRONG><a name="[c]"></a>REACTTIME_WAIT_4</STRONG> (Thumb, 42 bytes, Stack size 0 bytes, whack_a_mole.o(MYCODE))
<BR><BR>[Called By]<UL><LI><a href="#[8]">&gt;&gt;</a>&nbsp;&nbsp;&nbsp;UC3
</UL>

<P><STRONG><a name="[d]"></a>UC4</STRONG> (Thumb, 70 bytes, Stack size 0 bytes, whack_a_mole.o(MYCODE))
<BR><BR>[Calls]<UL><LI><a href="#[10]">&gt;&gt;</a>&nbsp;&nbsp;&nbsp;DELAY
<LI><a href="#[f]">&gt;&gt;</a>&nbsp;&nbsp;&nbsp;DELAY2
<LI><a href="#[7]">&gt;&gt;</a>&nbsp;&nbsp;&nbsp;UC2
</UL>
<BR>[Called By]<UL><LI><a href="#[6]">&gt;&gt;</a>&nbsp;&nbsp;&nbsp;MAIN
</UL>

<P><STRONG><a name="[e]"></a>UC5</STRONG> (Thumb, 288 bytes, Stack size 0 bytes, whack_a_mole.o(MYCODE))
<BR><BR>[Calls]<UL><LI><a href="#[10]">&gt;&gt;</a>&nbsp;&nbsp;&nbsp;DELAY
<LI><a href="#[7]">&gt;&gt;</a>&nbsp;&nbsp;&nbsp;UC2
</UL>
<BR>[Called By]<UL><LI><a href="#[6]">&gt;&gt;</a>&nbsp;&nbsp;&nbsp;MAIN
</UL>

<P><STRONG><a name="[f]"></a>DELAY2</STRONG> (Thumb, 12 bytes, Stack size 0 bytes, whack_a_mole.o(MYCODE))
<BR><BR>[Called By]<UL><LI><a href="#[d]">&gt;&gt;</a>&nbsp;&nbsp;&nbsp;UC4
</UL>

<P><STRONG><a name="[10]"></a>DELAY</STRONG> (Thumb, 100 bytes, Stack size 0 bytes, whack_a_mole.o(MYCODE))
<BR><BR>[Called By]<UL><LI><a href="#[e]">&gt;&gt;</a>&nbsp;&nbsp;&nbsp;UC5
<LI><a href="#[d]">&gt;&gt;</a>&nbsp;&nbsp;&nbsp;UC4
<LI><a href="#[7]">&gt;&gt;</a>&nbsp;&nbsp;&nbsp;UC2
</UL>

<P><STRONG><a name="[11]"></a>RANDOM_NUM_GEN</STRONG> (Thumb, 24 bytes, Stack size 0 bytes, whack_a_mole.o(MYCODE))
<BR><BR>[Called By]<UL><LI><a href="#[8]">&gt;&gt;</a>&nbsp;&nbsp;&nbsp;UC3
</UL>
<P>
<H3>
Undefined Global Symbols
</H3><HR></body></html>
