Component: ARM Compiler 5.06 update 6 (build 750) Tool: armlink [4d35ed]

==============================================================================

Section Cross References

    whack_a_mole.o(RESET) refers to whack_a_mole.o(MYCODE) for Reset_Handler


==============================================================================

Image Symbol Table

    Local Symbols

    Symbol Name                              Value     Ov Type        Size  Object(Section)

    whack_a_mole.s                           0x00000000   Number         0  whack_a_mole.o ABSOLUTE
    RESET                                    0x08000000   Section        8  whack_a_mole.o(RESET)
    MYCODE                                   0x08000008   Section     1152  whack_a_mole.o(MYCODE)
    UC1                                      0x08000011   Thumb Code    12  whack_a_mole.o(MYCODE)
    GPIO_ClockInit                           0x0800001d   Thumb Code    10  whack_a_mole.o(MYCODE)
    GPIO_init                                0x08000029   Thumb Code     8  whack_a_mole.o(MYCODE)
    TURN_OFF_LED                             0x08000031   Thumb Code     8  whack_a_mole.o(MYCODE)
    MAIN                                     0x08000039   Thumb Code    26  whack_a_mole.o(MYCODE)
    UC2                                      0x08000055   Thumb Code    52  whack_a_mole.o(MYCODE)
    UC3                                      0x08000089   Thumb Code   324  whack_a_mole.o(MYCODE)
    REACTTIME_WAIT_1                         0x080001cd   Thumb Code    42  whack_a_mole.o(MYCODE)
    REACTTIME_WAIT_2                         0x080001f9   Thumb Code    42  whack_a_mole.o(MYCODE)
    REACTTIME_WAIT_3                         0x08000225   Thumb Code    42  whack_a_mole.o(MYCODE)
    REACTTIME_WAIT_4                         0x08000251   Thumb Code    42  whack_a_mole.o(MYCODE)
    UC4                                      0x0800027d   Thumb Code    70  whack_a_mole.o(MYCODE)
    UC5                                      0x080002c5   Thumb Code   288  whack_a_mole.o(MYCODE)
    DELAY2                                   0x080003e5   Thumb Code    12  whack_a_mole.o(MYCODE)
    DELAY                                    0x080003f1   Thumb Code   100  whack_a_mole.o(MYCODE)
    RANDOM_NUM_GEN                           0x08000455   Thumb Code    24  whack_a_mole.o(MYCODE)

    Global Symbols

    Symbol Name                              Value     Ov Type        Size  Object(Section)

    BuildAttributes$$THM_ISAv4$P$D$K$B$S$PE$A:L22UL41UL21$X:L11$S22US41US21$IEEE1$IW$USESV6$~STKCKD$USESV7$~SHL$OSPACE$EBA8$STANDARDLIB$PRES8$EABIv2 0x00000000   Number         0  anon$$obj.o ABSOLUTE
    __Vectors                                0x08000000   Data           4  whack_a_mole.o(RESET)
    Reset_Handler                            0x08000009   Thumb Code     8  whack_a_mole.o(MYCODE)



==============================================================================

Memory Map of the image

  Image Entry point : 0x08000009

  Load Region LR_1 (Base: 0x08000000, Size: 0x00000488, Max: 0xffffffff, ABSOLUTE)

    Execution Region ER_RO (Exec base: 0x08000000, Load base: 0x08000000, Size: 0x00000488, Max: 0xffffffff, ABSOLUTE)

    Exec Addr    Load Addr    Size         Type   Attr      Idx    E Section Name        Object

    0x08000000   0x08000000   0x00000008   Data   RO            1    RESET               whack_a_mole.o
    0x08000008   0x08000008   0x00000480   Code   RO            2  * MYCODE              whack_a_mole.o


    Execution Region ER_RW (Exec base: 0x20000000, Load base: 0x08000488, Size: 0x00000000, Max: 0xffffffff, ABSOLUTE)

    **** No section assigned to this execution region ****


    Execution Region ER_ZI (Exec base: 0x20000000, Load base: 0x08000488, Size: 0x00000000, Max: 0xffffffff, ABSOLUTE)

    **** No section assigned to this execution region ****


==============================================================================

Image component sizes


      Code (inc. data)   RO Data    RW Data    ZI Data      Debug   Object Name

      1152         94          8          0          0       1416   whack_a_mole.o

    ----------------------------------------------------------------------
      1152         94          8          0          0       1416   Object Totals
         0          0          0          0          0          0   (incl. Generated)
         0          0          0          0          0          0   (incl. Padding)

    ----------------------------------------------------------------------
         0          0          0          0          0          0   Library Totals
         0          0          0          0          0          0   (incl. Padding)

    ----------------------------------------------------------------------

==============================================================================


      Code (inc. data)   RO Data    RW Data    ZI Data      Debug   

      1152         94          8          0          0       1416   Grand Totals
      1152         94          8          0          0       1416   ELF Image Totals
      1152         94          8          0          0          0   ROM Totals

==============================================================================

    Total RO  Size (Code + RO Data)                 1160 (   1.13kB)
    Total RW  Size (RW Data + ZI Data)                 0 (   0.00kB)
    Total ROM Size (Code + RO Data + RW Data)       1160 (   1.13kB)

==============================================================================

